
RM/COBOL-85 (VER 2.01)  FOR DOS 2.00+          03/15/23  20:06:05 PAGE   1
SOURCE FILE: T-VTAS                     OPTIONS: L

 LINE   DEBUG     PG/LN  A...B.......2.........3.........4.........5.........6.........7..ID.....8

    1                    IDENTIFICATION DIVISION.
    2                    PROGRAM-ID. T-VTAS.
    3                    ENVIRONMENT DIVISION.
    4                    DATA DIVISION.
    5                    WORKING-STORAGE SECTION.
    6                    01 WKS-TOVEN  PIC 9(07)V99.
    7                    01 WKS-PRO    PIC 9(06)V99.
    8
    9                    01 WKS-PRO-F  PIC $$$$,$$9.99.
   10
   11                    77 WKS-I      PIC 99.
   12                       77 WKS-J      PIC 99.
   13
   14                    01 WKS-MESES.
   15                        03 FILLER PIC X(10) VALUE "ENERO".
   16                        03 FILLER PIC X(10) VALUE "FEBRERO".
   17                        03 FILLER PIC X(10) VALUE "MARZO".
   18                        03 FILLER PIC X(10) VALUE "ABRIL".
   19                        03 FILLER PIC X(10) VALUE "MAYO".
   20                        03 FILLER PIC X(10) VALUE "JUNIO".
   21                        03 FILLER PIC X(10) VALUE "JULIO".
   22                        03 FILLER PIC X(10) VALUE "AGOSTO".
   23                        03 FILLER PIC X(10) VALUE "SEPTIEMBRE".
   24                        03 FILLER PIC X(10) VALUE "OCTUBRE".
   25                        03 FILLER PIC X(10) VALUE "NOVIEMBRE".
   26                        03 FILLER PIC X(10) VALUE "DICIEMBRE".
   27
   28                    01 T-MESES REDEFINES WKS-MESES.
   29                        03 T-MES OCCURS 12 TIMES PIC X(10).
   30
   31                    01 T-VENTAS.
   32                        03 T-VENTA OCCURS 12 TIMES PIC 9(06)V99.
   33
   34                    PROCEDURE DIVISION.
   35    000002          INICIO.
   36    000005              PERFORM 1000-INICIO.
   37    000008              PERFORM 2000-PROCESO.
   38    000011              PERFORM 3000-FIN.
   39    000014                 STOP RUN.
   40
   41    000017          1000-INICIO.
   42    000020              DISPLAY SPACES LINE 01 POSITION 01 ERASE.
   43
   44    000034              PERFORM 1100-LLENA-TABLA VARYING WKS-I
   45                            FROM 1 BY 1 UNTIL WKS-I > 12.
   46
   47                   *    INITIALIZE WKS-I.
   48
   49    000056          1100-LLENA-TABLA.
   50
   51    000059              DISPLAY "INTRODUCE VENTAS DE " LINE WKS-I POSITION 10.
   52    000071              DISPLAY T-MES (WKS-I) LINE WKS-I POSITION 30.
   53    000087              ACCEPT T-VENTA (WKS-I) LINE WKS-I POSITION 45.
   54
   55
   56    000105          2000-PROCESO.
   57
RM/COBOL-85 (VER 2.01)  FOR DOS 2.00+          03/15/23  20:06:05 PAGE   2
SOURCE FILE: T-VTAS                     OPTIONS: L

 LINE   DEBUG     PG/LN  A...B.......2.........3.........4.........5.........6.........7..ID.....8   T-VTAS

   58    000108              PERFORM 2100-EXTRAER VARYING WKS-J
   59                            FROM 1 BY 1 UNTIL WKS-J > 12.
   60
   61    000128              DIVIDE WKS-TOVEN BY WKS-J GIVING WKS-PRO.
   62    000137              MOVE WKS-PRO TO WKS-PRO-F.
   63
   64
   65    000144          2100-EXTRAER.
   66    000147              ADD T-VENTA (WKS-J) TO WKS-TOVEN.
   67
   68    000159          3000-FIN.
   69
   70    000162                 ADD 2 TO WKS-J.
   71                   *     DISPLAY SPACES LINE 01 POSITION 01 ERASE.
   72    000166              DISPLAY "EL PROMEDIO DE VENTAS ANUAL ES: "
   73                            LINE WKS-J POSITION 10.
   74    000178              DISPLAY WKS-PRO-F LINE WKS-J POSITION 45.
   75
   76
   77
RM/COBOL-85 (VER 2.01)  FOR DOS 2.00+          03/15/23  20:06:05 PAGE   3
SOURCE FILE: T-VTAS                     OPTIONS: L

PROGRAM SUMMARY STATISTICS                                                                           T-VTAS


READ ONLY SIZE =                       634 (X"0000027A") BYTES

READ/WRITE SIZE =                      304 (X"00000130") BYTES

OVERLAYABLE SEGMENT SIZE =               0 (X"00000000") BYTES

TOTAL SIZE (LESS I/O BUFFERS) =        938 (X"000003AA") BYTES       77 LINES

    0 ERRORS         0 WARNINGS     FOR PROGRAM T-VTAS



OBJECT VERSION LEVEL =   1
